MO binarycoddeddecimal NULL "../LAB8_TASK2/binarycoddeddecimal (1).v" vlg7B/binarycoddeddecimal.bin 1671015739
MO bcd_to_seg NULL "../LAB8_TASK2/bcd_to_7seg (1).v" vlg19/bcd__to__seg.bin 1671015739
MO Up_Down_Counter NULL ../LAB8_TASK2/Up_Down_Counter.v vlg0B/_up___down___counter.bin 1671015739
MO MainModule NULL MainModule.v vlg27/_main_module.bin 1671015739
MO mux NULL ../LAB8_TASK2/mux.v vlg66/mux.bin 1671015739
